🧪 Running PT Journal Test Suite
=================================
📦 Running unit tests...
   Compiling sourceview5-sys v0.9.0
   Compiling vte4-sys v0.8.0
   Compiling nanorand v0.7.0
warning: sourceview5-sys@0.9.0: 
error: failed to run custom build command for `sourceview5-sys v0.9.0`

Caused by:
  process didn't exit successfully: `/home/engine/project/target/debug/build/sourceview5-sys-6bc57526c96595ec/build-script-build` (exit status: 1)
  --- stdout
  cargo:rerun-if-changed=/home/engine/.cargo/registry/src/index.crates.io-1949cf8c6b5b557f/sourceview5-sys-0.9.0/Cargo.toml
  cargo:rerun-if-env-changed=GTKSOURCEVIEW_5_NO_PKG_CONFIG
  cargo:rerun-if-env-changed=PKG_CONFIG_x86_64-unknown-linux-gnu
  cargo:rerun-if-env-changed=PKG_CONFIG_x86_64_unknown_linux_gnu
  cargo:rerun-if-env-changed=HOST_PKG_CONFIG
  cargo:rerun-if-env-changed=PKG_CONFIG
  cargo:rerun-if-env-changed=PKG_CONFIG_PATH_x86_64-unknown-linux-gnu
  cargo:rerun-if-env-changed=PKG_CONFIG_PATH_x86_64_unknown_linux_gnu
  cargo:rerun-if-env-changed=HOST_PKG_CONFIG_PATH
  cargo:rerun-if-env-changed=PKG_CONFIG_PATH
  cargo:rerun-if-env-changed=PKG_CONFIG_LIBDIR_x86_64-unknown-linux-gnu
  cargo:rerun-if-env-changed=PKG_CONFIG_LIBDIR_x86_64_unknown_linux_gnu
  cargo:rerun-if-env-changed=HOST_PKG_CONFIG_LIBDIR
  cargo:rerun-if-env-changed=PKG_CONFIG_LIBDIR
  cargo:rerun-if-env-changed=PKG_CONFIG_SYSROOT_DIR_x86_64-unknown-linux-gnu
  cargo:rerun-if-env-changed=PKG_CONFIG_SYSROOT_DIR_x86_64_unknown_linux_gnu
  cargo:rerun-if-env-changed=HOST_PKG_CONFIG_SYSROOT_DIR
  cargo:rerun-if-env-changed=PKG_CONFIG_SYSROOT_DIR
  cargo:warning=
  pkg-config exited with status code 1
  > PKG_CONFIG_PATH=/usr/lib/x86_64-linux-gnu/pkgconfig:/usr/local/lib/pkgconfig: PKG_CONFIG_ALLOW_SYSTEM_CFLAGS=1 pkg-config --libs --cflags gtksourceview-5 'gtksourceview-5 >= 4.90'

  The system library `gtksourceview-5` required by crate `sourceview5-sys` was not found.
  The file `gtksourceview-5.pc` needs to be installed and the PKG_CONFIG_PATH environment variable must contain its parent directory.
  PKG_CONFIG_PATH contains the following:
      - /usr/lib/x86_64-linux-gnu/pkgconfig
      - /usr/local/lib/pkgconfig
      - 

  HINT: you may need to install a package such as gtksourceview-5, gtksourceview-5-dev or gtksourceview-5-devel.

warning: build failed, waiting for other jobs to finish...
